// Vitest Snapshot v1, https://vitest.dev/guide/snapshot.html

exports[`extracao no-op -- aridade de RNG preservada (D-05) > seed=0 STOMP 85v55: assinatura de timeline estavel (no-op) 1`] = `
[
  "s0:330:objective_setup:u-jungle",
  "s0:360:dragon_taken:u-jungle",
  "s0:420:plate_taken:u-top",
  "s0:480:objective_setup:u-jungle",
  "s0:495:plate_taken:u-adc",
  "s0:510:plate_taken:u-adc",
  "s0:540:plate_taken:u-mid",
  "s0:585:plate_taken:u-top",
  "s0:600:voidgrubs_taken:u-jungle",
  "s0:630:objective_setup:u-jungle",
  "s0:660:dragon_taken:u-jungle",
  "s0:720:plate_taken:u-mid",
  "s0:765:plate_taken:u-mid",
  "s0:795:plate_taken:u-adc",
  "s0:810:plate_taken:r-top",
  "s0:810:plate_taken:r-mid",
  "s0:810:plate_taken:r-adc",
  "s0:900:objective_setup:u-jungle",
  "s0:945:first_blood:u-adc",
  "s0:945:double_kill:u-mid",
  "s0:960:dragon_taken:u-jungle",
  "s0:975:first_tower:u-adc",
  "s0:990:kill:u-jungle",
  "s0:1005:plate_taken:u-jungle",
  "s0:1020:plate_taken:u-mid",
  "s0:1035:plate_taken:u-mid",
  "s0:1080:objective_setup:u-jungle",
  "s0:1125:tower_destroyed:u-jungle",
  "s0:1155:plate_taken:u-top",
  "s0:1170:double_kill:u-adc",
  "s0:1170:herald_taken:u-jungle",
  "s0:1185:tower_destroyed:u-adc",
  "s0:1200:plate_taken:u-top",
  "s0:1215:objective_setup:u-jungle",
  "s0:1230:tower_low:u-adc",
  "s0:1260:objective_setup:u-jungle",
  "s0:1275:baron_taken:u-jungle",
  "s0:1305:dragon_taken:u-jungle",
  "s0:1305:dragon_taken:-",
  "s0:1320:triple_kill:u-top",
  "s0:1320:ace:-",
  "s0:1335:tower_destroyed:u-mid",
  "s0:1350:tower_destroyed:u-adc",
  "s0:1365:kill:u-mid",
  "s0:1380:tower_destroyed:u-top",
  "s0:1395:plate_taken:u-jungle",
  "s0:1410:inhibitor_destroyed:u-mid",
  "s0:1455:plate_taken:u-top",
  "s0:1500:kill:u-jungle",
  "s0:1515:plate_taken:u-jungle",
  "s0:1530:tower_destroyed:u-mid",
  "s0:1545:inhibitor_destroyed:u-adc",
  "s0:1590:shutdown:r-jungle",
  "s0:1590:triple_kill:u-top",
  "s0:1590:ace:-",
  "s0:1605:tower_low:u-adc",
  "s0:1620:tower_destroyed:u-top",
  "s0:1635:tower_low:u-jungle",
  "s0:1650:kill:u-support",
  "s0:1665:nexus_exposed:u-adc",
  "s0:1680:gg:u-top",
]
`;

exports[`extracao no-op -- aridade de RNG preservada (D-05) > seed=5 STOMP 85v55: assinatura de timeline estavel (no-op) 1`] = `
[
  "s5:120:first_blood:u-adc",
  "s5:135:lane_advantage_building:u-adc",
  "s5:135:lane_priority_shift:u-adc",
  "s5:300:objective_setup:u-jungle",
  "s5:360:kill:u-adc",
  "s5:360:dragon_taken:u-jungle",
  "s5:375:plate_taken:u-jungle",
  "s5:390:jungler_attention_shift:u-adc",
  "s5:495:objective_setup:u-jungle",
  "s5:510:voidgrubs_taken:u-jungle",
  "s5:540:plate_taken:u-adc",
  "s5:570:plate_taken:u-mid",
  "s5:600:plate_taken:u-mid",
  "s5:615:objective_setup:u-jungle",
  "s5:630:plate_taken:u-top",
  "s5:690:double_kill:u-mid",
  "s5:690:dragon_taken:u-jungle",
  "s5:705:plate_taken:u-jungle",
  "s5:705:first_tower:u-jungle",
  "s5:720:jungler_attention_shift:u-top",
  "s5:735:plate_taken:r-mid",
  "s5:750:plate_taken:r-top",
  "s5:765:plate_taken:u-jungle",
  "s5:795:plate_taken:u-top",
  "s5:825:plate_taken:u-adc",
  "s5:840:kill:u-mid",
  "s5:855:plate_taken:u-jungle",
  "s5:870:tower_destroyed:u-mid",
  "s5:885:plate_taken:u-top",
  "s5:900:kill:r-mid",
  "s5:915:plate_taken:r-top",
  "s5:930:tower_destroyed:r-jungle",
  "s5:945:objective_setup:u-jungle",
  "s5:960:kill:u-adc",
  "s5:975:tower_destroyed:u-adc",
  "s5:990:dragon_taken:u-jungle",
  "s5:1005:objective_setup:u-jungle",
  "s5:1020:herald_taken:u-jungle",
  "s5:1035:tower_low:u-mid",
  "s5:1095:plate_taken:u-jungle",
  "s5:1140:plate_taken:u-adc",
  "s5:1215:objective_setup:u-jungle",
  "s5:1230:objective_setup:u-jungle",
  "s5:1245:baron_taken:u-jungle",
  "s5:1260:plate_taken:u-jungle",
  "s5:1290:double_kill:u-jungle",
  "s5:1290:ace:-",
  "s5:1290:dragon_taken:u-jungle",
  "s5:1290:dragon_taken:-",
  "s5:1305:tower_destroyed:u-jungle",
  "s5:1320:inhibitor_destroyed:u-mid",
  "s5:1335:kill:u-mid",
  "s5:1365:tower_low:u-jungle",
  "s5:1380:kill:u-top",
  "s5:1395:tower_destroyed:u-jungle",
  "s5:1410:inhibitor_destroyed:u-mid",
  "s5:1560:double_kill:u-mid",
  "s5:1560:ace:-",
  "s5:1575:tower_destroyed:u-adc",
  "s5:1590:tower_low:u-top",
  "s5:1605:nexus_exposed:u-jungle",
  "s5:1620:gg:u-mid",
]
`;
